分类: 📺央视频道, 名称: CCTV-1, 有效: 2, IPv4: 46, IPv6: 0, 最小延迟: 317 ms, 最高速率: 2.77 M/s, 平均速率: 2.09 M/s, 最高分辨率: 1920x1080
分类: 📺央视频道, 名称: CCTV-2, 有效: 6, IPv4: 50, IPv6: 0, 最小延迟: 141 ms, 最高速率: 11.11 M/s, 平均速率: 7.04 M/s, 最高分辨率: 1920x1080
分类: 📺央视频道, 名称: CCTV-3, 有效: 4, IPv4: 47, IPv6: 0, 最小延迟: 148 ms, 最高速率: 7.29 M/s, 平均速率: 4.31 M/s, 最高分辨率: 1920x1080
分类: 📺央视频道, 名称: CCTV-4, 有效: 3, IPv4: 42, IPv6: 0, 最小延迟: 727 ms, 最高速率: 4.54 M/s, 平均速率: 2.57 M/s, 最高分辨率: 1920x1080
分类: 📺央视频道, 名称: CCTV-5, 有效: 4, IPv4: 45, IPv6: 0, 最小延迟: 321 ms, 最高速率: 4.31 M/s, 平均速率: 2.16 M/s, 最高分辨率: 1920x1080
分类: 📺央视频道, 名称: CCTV-5+, 有效: 1, IPv4: 27, IPv6: 0, 最小延迟: 3082 ms, 最高速率: 0.37 M/s, 平均速率: 0.37 M/s, 最高分辨率: 1920x1080
分类: 📺央视频道, 名称: CCTV-6, 有效: 3, IPv4: 46, IPv6: 0, 最小延迟: 317 ms, 最高速率: 2.49 M/s, 平均速率: 1.48 M/s, 最高分辨率: 1920x1080
分类: 📺央视频道, 名称: CCTV-7, 有效: 4, IPv4: 40, IPv6: 0, 最小延迟: 319 ms, 最高速率: 5.80 M/s, 平均速率: 2.42 M/s, 最高分辨率: 1920x1080
分类: 📺央视频道, 名称: CCTV-8, 有效: 6, IPv4: 49, IPv6: 0, 最小延迟: 139 ms, 最高速率: 11.11 M/s, 平均速率: 6.92 M/s, 最高分辨率: 1920x1080
分类: 📺央视频道, 名称: CCTV-9, 有效: 4, IPv4: 45, IPv6: 0, 最小延迟: 349 ms, 最高速率: 6.10 M/s, 平均速率: 2.79 M/s, 最高分辨率: 1920x1080
分类: 📺央视频道, 名称: CCTV-10, 有效: 2, IPv4: 42, IPv6: 0, 最小延迟: 1246 ms, 最高速率: 1.43 M/s, 平均速率: 0.91 M/s, 最高分辨率: 1920x1080
分类: 📺央视频道, 名称: CCTV-11, 有效: 5, IPv4: 41, IPv6: 0, 最小延迟: 162 ms, 最高速率: 6.19 M/s, 平均速率: 4.11 M/s, 最高分辨率: 1920x1080
分类: 📺央视频道, 名称: CCTV-12, 有效: 4, IPv4: 36, IPv6: 0, 最小延迟: 315 ms, 最高速率: 3.06 M/s, 平均速率: 2.38 M/s, 最高分辨率: 1920x1080
分类: 📺央视频道, 名称: CCTV-13, 有效: 2, IPv4: 37, IPv6: 0, 最小延迟: 595 ms, 最高速率: 6.96 M/s, 平均速率: 4.18 M/s, 最高分辨率: 1920x1080
分类: 📺央视频道, 名称: CCTV-14, 有效: 3, IPv4: 38, IPv6: 0, 最小延迟: 1063 ms, 最高速率: 1.93 M/s, 平均速率: 1.70 M/s, 最高分辨率: 1920x1080
分类: 📺央视频道, 名称: CCTV-16, 有效: 5, IPv4: 19, IPv6: 0, 最小延迟: 139 ms, 最高速率: 6.94 M/s, 平均速率: 3.59 M/s, 最高分辨率: 1920x1080
分类: 📺央视频道, 名称: CCTV-15, 有效: 2, IPv4: 43, IPv6: 0, 最小延迟: 1053 ms, 最高速率: 2.66 M/s, 平均速率: 2.03 M/s, 最高分辨率: 1920x1080
分类: 📺央视频道, 名称: CCTV-17, 有效: 2, IPv4: 25, IPv6: 0, 最小延迟: 439 ms, 最高速率: 2.16 M/s, 平均速率: 1.79 M/s, 最高分辨率: 1920x1080
分类: 📺央视频道, 名称: CETV-1, 有效: 0, IPv4: 23, IPv6: 0, 最小延迟: -1 ms, 最高速率: 0.00 M/s, 平均速率: 0.00 M/s, 最高分辨率: None
分类: 📺央视频道, 名称: CETV-2, 有效: 0, IPv4: 9, IPv6: 0, 最小延迟: -1 ms, 最高速率: 0.00 M/s, 平均速率: 0.00 M/s, 最高分辨率: None
分类: 📺央视频道, 名称: CETV-3, 有效: 0, IPv4: 4, IPv6: 0, 最小延迟: -1 ms, 最高速率: 0.00 M/s, 平均速率: 0.00 M/s, 最高分辨率: None
分类: 📺央视频道, 名称: CETV-4, 有效: 0, IPv4: 18, IPv6: 0, 最小延迟: -1 ms, 最高速率: 0.00 M/s, 平均速率: 0.00 M/s, 最高分辨率: None
分类: 📡卫视频道, 名称: 香港卫视, 有效: 0, IPv4: 7, IPv6: 0, 最小延迟: -1 ms, 最高速率: 0.00 M/s, 平均速率: 0.00 M/s, 最高分辨率: None
分类: 📡卫视频道, 名称: 浙江卫视, 有效: 6, IPv4: 36, IPv6: 0, 最小延迟: 159 ms, 最高速率: 10.45 M/s, 平均速率: 5.16 M/s, 最高分辨率: 1920x1080
分类: 📡卫视频道, 名称: 广东卫视, 有效: 4, IPv4: 37, IPv6: 0, 最小延迟: 132 ms, 最高速率: 58.67 M/s, 平均速率: 17.33 M/s, 最高分辨率: 1920x1080
分类: 📡卫视频道, 名称: 湖南卫视, 有效: 5, IPv4: 41, IPv6: 0, 最小延迟: 140 ms, 最高速率: 10.26 M/s, 平均速率: 5.57 M/s, 最高分辨率: 3840x2160
分类: 📡卫视频道, 名称: 北京卫视, 有效: 3, IPv4: 35, IPv6: 0, 最小延迟: 141 ms, 最高速率: 3.79 M/s, 平均速率: 2.65 M/s, 最高分辨率: 1920x1080
分类: 📡卫视频道, 名称: 湖北卫视, 有效: 2, IPv4: 34, IPv6: 0, 最小延迟: 262 ms, 最高速率: 8.18 M/s, 平均速率: 5.48 M/s, 最高分辨率: 1920x1080
分类: 📡卫视频道, 名称: 黑龙江卫视, 有效: 2, IPv4: 28, IPv6: 0, 最小延迟: 317 ms, 最高速率: 5.05 M/s, 平均速率: 3.90 M/s, 最高分辨率: 1920x1080
分类: 📡卫视频道, 名称: 安徽卫视, 有效: 3, IPv4: 29, IPv6: 0, 最小延迟: 156 ms, 最高速率: 7.91 M/s, 平均速率: 6.90 M/s, 最高分辨率: 1920x1080
分类: 📡卫视频道, 名称: 重庆卫视, 有效: 4, IPv4: 35, IPv6: 0, 最小延迟: 152 ms, 最高速率: 6.69 M/s, 平均速率: 5.55 M/s, 最高分辨率: 1920x1080
分类: 📡卫视频道, 名称: 东方卫视, 有效: 5, IPv4: 33, IPv6: 0, 最小延迟: 471 ms, 最高速率: 9.61 M/s, 平均速率: 5.75 M/s, 最高分辨率: 1920x1080
分类: 📡卫视频道, 名称: 东南卫视, 有效: 1, IPv4: 22, IPv6: 0, 最小延迟: 335 ms, 最高速率: 6.87 M/s, 平均速率: 6.87 M/s, 最高分辨率: 1920x1080
分类: 📡卫视频道, 名称: 甘肃卫视, 有效: 1, IPv4: 18, IPv6: 0, 最小延迟: 344 ms, 最高速率: 9.61 M/s, 平均速率: 9.61 M/s, 最高分辨率: 1920x1080
分类: 📡卫视频道, 名称: 广西卫视, 有效: 3, IPv4: 26, IPv6: 0, 最小延迟: 315 ms, 最高速率: 7.61 M/s, 平均速率: 4.37 M/s, 最高分辨率: 1920x1080
分类: 📡卫视频道, 名称: 贵州卫视, 有效: 2, IPv4: 28, IPv6: 0, 最小延迟: 315 ms, 最高速率: 10.17 M/s, 平均速率: 6.47 M/s, 最高分辨率: 1920x1080
分类: 📡卫视频道, 名称: 海南卫视, 有效: 1, IPv4: 22, IPv6: 0, 最小延迟: 1839 ms, 最高速率: 0.66 M/s, 平均速率: 0.66 M/s, 最高分辨率: 1920x1080
分类: 📡卫视频道, 名称: 河北卫视, 有效: 0, IPv4: 23, IPv6: 0, 最小延迟: 3153 ms, 最高速率: 0.25 M/s, 平均速率: 0.00 M/s, 最高分辨率: 1920x1080
分类: 📡卫视频道, 名称: 河南卫视, 有效: 3, IPv4: 35, IPv6: 0, 最小延迟: 316 ms, 最高速率: 6.80 M/s, 平均速率: 3.73 M/s, 最高分辨率: 1920x1080
分类: 📡卫视频道, 名称: 吉林卫视, 有效: 5, IPv4: 28, IPv6: 0, 最小延迟: 138 ms, 最高速率: 10.21 M/s, 平均速率: 7.27 M/s, 最高分辨率: 1920x1080
分类: 📡卫视频道, 名称: 江苏卫视, 有效: 3, IPv4: 38, IPv6: 0, 最小延迟: 321 ms, 最高速率: 5.42 M/s, 平均速率: 3.96 M/s, 最高分辨率: 1920x1080
分类: 📡卫视频道, 名称: 江西卫视, 有效: 2, IPv4: 34, IPv6: 0, 最小延迟: 418 ms, 最高速率: 10.47 M/s, 平均速率: 5.69 M/s, 最高分辨率: 1920x1080
分类: 📡卫视频道, 名称: 辽宁卫视, 有效: 2, IPv4: 30, IPv6: 0, 最小延迟: 155 ms, 最高速率: 6.31 M/s, 平均速率: 4.07 M/s, 最高分辨率: 1920x1080
分类: 📡卫视频道, 名称: 内蒙古卫视, 有效: 2, IPv4: 24, IPv6: 0, 最小延迟: 155 ms, 最高速率: 6.39 M/s, 平均速率: 6.30 M/s, 最高分辨率: 1920x1080
分类: 📡卫视频道, 名称: 宁夏卫视, 有效: 1, IPv4: 21, IPv6: 0, 最小延迟: 537 ms, 最高速率: 8.03 M/s, 平均速率: 8.03 M/s, 最高分辨率: 1920x1080
分类: 📡卫视频道, 名称: 青海卫视, 有效: 1, IPv4: 20, IPv6: 0, 最小延迟: 429 ms, 最高速率: 8.33 M/s, 平均速率: 8.33 M/s, 最高分辨率: 1920x1080
分类: 📡卫视频道, 名称: 山东卫视, 有效: 2, IPv4: 30, IPv6: 0, 最小延迟: 335 ms, 最高速率: 9.77 M/s, 平均速率: 5.43 M/s, 最高分辨率: 1920x1080
分类: 📡卫视频道, 名称: 山西卫视, 有效: 0, IPv4: 22, IPv6: 0, 最小延迟: 1483 ms, 最高速率: 0.23 M/s, 平均速率: 0.00 M/s, 最高分辨率: 1920x1080
分类: 📡卫视频道, 名称: 陕西卫视, 有效: 3, IPv4: 26, IPv6: 0, 最小延迟: 150 ms, 最高速率: 10.40 M/s, 平均速率: 6.51 M/s, 最高分辨率: 1920x1080
分类: 📡卫视频道, 名称: 四川卫视, 有效: 1, IPv4: 37, IPv6: 0, 最小延迟: 311 ms, 最高速率: 7.26 M/s, 平均速率: 7.26 M/s, 最高分辨率: 1920x1080
分类: 📡卫视频道, 名称: 深圳卫视, 有效: 3, IPv4: 23, IPv6: 0, 最小延迟: 316 ms, 最高速率: 8.11 M/s, 平均速率: 3.92 M/s, 最高分辨率: 1920x1080
分类: 📡卫视频道, 名称: 三沙卫视, 有效: 3, IPv4: 6, IPv6: 0, 最小延迟: 1282 ms, 最高速率: 3.93 M/s, 平均速率: 1.51 M/s, 最高分辨率: 1920x1080
分类: 📡卫视频道, 名称: 天津卫视, 有效: 5, IPv4: 28, IPv6: 0, 最小延迟: 146 ms, 最高速率: 6.82 M/s, 平均速率: 6.46 M/s, 最高分辨率: 1920x1080
分类: 📡卫视频道, 名称: 西藏卫视, 有效: 0, IPv4: 24, IPv6: 0, 最小延迟: 10022 ms, 最高速率: 0.08 M/s, 平均速率: 0.00 M/s, 最高分辨率: 1920x1080
分类: 📡卫视频道, 名称: 新疆卫视, 有效: 0, IPv4: 30, IPv6: 0, 最小延迟: 309 ms, 最高速率: 6.55 M/s, 平均速率: 0.00 M/s, 最高分辨率: 1920x1080
分类: 📡卫视频道, 名称: 云南卫视, 有效: 1, IPv4: 26, IPv6: 0, 最小延迟: 333 ms, 最高速率: 9.96 M/s, 平均速率: 9.96 M/s, 最高分辨率: 1920x1080
分类: ☘️广东频道, 名称: 广东珠江, 有效: 0, IPv4: 4, IPv6: 0, 最小延迟: 10184 ms, 最高速率: 0.01 M/s, 平均速率: 0.00 M/s, 最高分辨率: None
分类: ☘️广东频道, 名称: 广东体育, 有效: 0, IPv4: 7, IPv6: 0, 最小延迟: 10153 ms, 最高速率: 0.04 M/s, 平均速率: 0.00 M/s, 最高分辨率: None
分类: ☘️广东频道, 名称: 广东新闻, 有效: 0, IPv4: 3, IPv6: 0, 最小延迟: 467 ms, 最高速率: 0.00 M/s, 平均速率: 0.00 M/s, 最高分辨率: None
分类: ☘️广东频道, 名称: 广东民生, 有效: 0, IPv4: 2, IPv6: 0, 最小延迟: 457 ms, 最高速率: 0.00 M/s, 平均速率: 0.00 M/s, 最高分辨率: None
分类: ☘️广东频道, 名称: 广州综合, 有效: 3, IPv4: 4, IPv6: 0, 最小延迟: 1343 ms, 最高速率: 0.37 M/s, 平均速率: 0.32 M/s, 最高分辨率: 1280x720
分类: ☘️广东频道, 名称: 广州竞赛, 有效: 1, IPv4: 1, IPv6: 0, 最小延迟: 410 ms, 最高速率: 5.85 M/s, 平均速率: 5.85 M/s, 最高分辨率: 1280x720
分类: ☘️广东频道, 名称: 大湾区卫视, 有效: 0, IPv4: 6, IPv6: 0, 最小延迟: 10276 ms, 最高速率: 0.14 M/s, 平均速率: 0.00 M/s, 最高分辨率: 1920x1080
分类: ☘️广东频道, 名称: 广州影视, 有效: 0, IPv4: 1, IPv6: 0, 最小延迟: -1 ms, 最高速率: 0.00 M/s, 平均速率: 0.00 M/s, 最高分辨率: None
